[
  {
    "objectname": "be8bff41e51e26e1d12161ee813b205f717533f3",
    "objecttype": "commit",
    "refname": "refs/heads/feat-1",
    "subject": "D",
    "type": "heads",
    "name": "feat-1",
    "points-at": "be8bff41e51e26e1d12161ee813b205f717533f3"
  },
  {
    "objectname": "d49de8ed78429319c73d0df9085948785dd43d68",
    "objecttype": "commit",
    "refname": "refs/heads/main",
    "subject": "B",
    "type": "heads",
    "name": "main",
    "points-at": "d49de8ed78429319c73d0df9085948785dd43d68"
  }
]