[
  {
    "objectname": "fb39b9bcf49d7862ce15f22ab73fb65e9bd2e33c",
    "objecttype": "commit",
    "refname": "refs/heads/B1",
    "subject": "D",
    "type": "heads",
    "name": "B1",
    "points-at": "fb39b9bcf49d7862ce15f22ab73fb65e9bd2e33c"
  },
  {
    "objectname": "3f6a70b2918eeb0a91e68cb5525d3da27dc5471c",
    "objecttype": "commit",
    "refname": "refs/heads/main",
    "subject": "E",
    "type": "heads",
    "name": "main",
    "points-at": "3f6a70b2918eeb0a91e68cb5525d3da27dc5471c"
  },
  {
    "objectname": "130b7e63919c0e194469cca25d7b6d28815555dd",
    "objecttype": "tag",
    "refname": "refs/tags/v0.0.1",
    "subject": "Initial Release",
    "type": "tags",
    "name": "v0.0.1",
    "points-at": "560b242260c14d83804020e3c7ac881588a9e8c6"
  }
]